/bin/sh: warning: setlocale: LC_ALL: cannot change locale (C.UTF-8)
bash: warning: setlocale: LC_ALL: cannot change locale (C.UTF-8)
[info] waiting for lock on /hpc/home/connect.jdu428/.sbt/boot/sbt.boot.lock to be available...
sbt.internal.ServerAlreadyBootingException: java.io.IOException: org.scalasbt.ipcsocket.NativeErrorException: [98] Address already in use
	at sbt.internal.BootServerSocket.newSocket(BootServerSocket.java:357)
	at sbt.internal.BootServerSocket.<init>(BootServerSocket.java:296)
	at sbt.xMain$.getSocketOrExit(Main.scala:152)
	at sbt.xMain$.bootServerSocket$lzycompute$1(Main.scala:78)
	at sbt.xMain$.bootServerSocket$1(Main.scala:78)
	at sbt.xMain$.withStreams$1(Main.scala:86)
	at sbt.xMain$.run(Main.scala:123)
	at java.base/jdk.internal.reflect.NativeMethodAccessorImpl.invoke0(Native Method)
	at java.base/jdk.internal.reflect.NativeMethodAccessorImpl.invoke(NativeMethodAccessorImpl.java:77)
	at java.base/jdk.internal.reflect.DelegatingMethodAccessorImpl.invoke(DelegatingMethodAccessorImpl.java:43)
	at java.base/java.lang.reflect.Method.invoke(Method.java:568)
	at sbt.internal.XMainConfiguration.run(XMainConfiguration.java:59)
	at sbt.xMain.run(Main.scala:47)
	at xsbt.boot.Launch$.$anonfun$run$1(Launch.scala:149)
	at xsbt.boot.Launch$.withContextLoader(Launch.scala:176)
	at xsbt.boot.Launch$.run(Launch.scala:149)
	at xsbt.boot.Launch$.$anonfun$apply$1(Launch.scala:44)
	at xsbt.boot.Launch$.launch(Launch.scala:159)
	at xsbt.boot.Launch$.apply(Launch.scala:44)
	at xsbt.boot.Launch$.apply(Launch.scala:21)
	at xsbt.boot.Boot$.runImpl(Boot.scala:78)
	at xsbt.boot.Boot$.run(Boot.scala:73)
	at xsbt.boot.Boot$.main(Boot.scala:21)
	at xsbt.boot.Boot.main(Boot.scala)
Caused by: java.io.IOException: org.scalasbt.ipcsocket.NativeErrorException: [98] Address already in use
	at org.scalasbt.ipcsocket.UnixDomainServerSocket.bind(UnixDomainServerSocket.java:140)
	at org.scalasbt.ipcsocket.UnixDomainServerSocket.<init>(UnixDomainServerSocket.java:114)
	at org.scalasbt.ipcsocket.UnixDomainServerSocket.<init>(UnixDomainServerSocket.java:93)
	at sbt.internal.BootServerSocket.newSocket(BootServerSocket.java:351)
	... 23 more
Caused by: org.scalasbt.ipcsocket.NativeErrorException: [98] Address already in use
	at org.scalasbt.ipcsocket.JNAUnixDomainSocketLibraryProvider.bind(UnixDomainSocketLibrary.java:178)
	at org.scalasbt.ipcsocket.UnixDomainServerSocket.bind(UnixDomainServerSocket.java:136)
	... 26 more
